// Jest Snapshot v1, https://goo.gl/fbAQLP

exports[`AccordionSelectorCard.vue Props must be  set correctly Haz the espected structure 1`] = `
<div
  class="card"
>
  <div
    class="card-header"
  >
    <div
      class="card-header-title"
    >
      <p>
        No title 
        
      </p>
    </div>
     
    <a
      class="card-header-icon"
    >
      <span
        class="icon"
      >
        <i
          class="fas fa-angle-down"
        />
      </span>
    </a>
  </div>
   
  <div
    class="card-content has-justified-text"
  >
    <p>
      No content
    </p>
  </div>
   
  <div
    class="card-footer"
  >
    <button
      class="card-footer-item button is-link is-radiusless"
    >
      No text
    </button>
  </div>
</div>
`;

exports[`AccordionSelectorCard.vue has the expected html structure 1`] = `
<div
  class="card"
>
  <div
    class="card-header"
  >
    <div
      class="card-header-title"
    >
      <p>
        No title 
        
      </p>
    </div>
     
    <a
      class="card-header-icon"
    >
      <span
        class="icon"
      >
        <i
          class="fas fa-angle-down"
        />
      </span>
    </a>
  </div>
   
  <div
    class="card-content has-justified-text"
  >
    <p>
      No content
    </p>
  </div>
   
  <div
    class="card-footer"
  >
    <button
      class="card-footer-item button is-link is-radiusless"
    >
      No text
    </button>
  </div>
</div>
`;
